/Users/seanazulay/Desktop/StockBots/LumoTrade/ml-backend/app.py:45: DeprecationWarning: 
        on_event is deprecated, use lifespan event handlers instead.

        Read more about it in the
        [FastAPI docs for Lifespan Events](https://fastapi.tiangolo.com/advanced/events/).
        
  @app.on_event("startup")
/Users/seanazulay/Desktop/StockBots/LumoTrade/ml-backend/app.py:61: DeprecationWarning: 
        on_event is deprecated, use lifespan event handlers instead.

        Read more about it in the
        [FastAPI docs for Lifespan Events](https://fastapi.tiangolo.com/advanced/events/).
        
  @app.on_event("shutdown")
INFO:     Will watch for changes in these directories: ['/Users/seanazulay/Desktop/StockBots/LumoTrade/ml-backend']
INFO:     Uvicorn running on http://0.0.0.0:8000 (Press CTRL+C to quit)
INFO:     Started reloader process [14793] using WatchFiles
✅ InstantDB connected for continuous learning
INFO:     Started server process [14851]
INFO:     Waiting for application startup.
INFO:     Application startup complete.
✅ InstantDB connected for continuous learning
============================================================
LumoTrade ML Backend Starting...
============================================================
Version: 2.0.0
Environment: development
FMP API: ✓ Configured
FRED API: ✓ Configured
InstantDB: ✓ Configured
============================================================
API Documentation: http://localhost:8000/docs
============================================================
INFO:     127.0.0.1:63211 - "GET /health HTTP/1.1" 200 OK
/Users/seanazulay/Desktop/StockBots/LumoTrade/ml-backend/src/core/features/news_sentiment.py:193: UserWarning: This pattern is interpreted as a regular expression, and has match groups. To actually get the groups, use str.extract.
  is_macro = text_blob.str.contains(RX_MACRO, regex=True, na=False) if len(text_blob) else pd.Series(False, index=out.index)
/Users/seanazulay/Desktop/StockBots/LumoTrade/ml-backend/src/core/features/news_sentiment.py:194: UserWarning: This pattern is interpreted as a regular expression, and has match groups. To actually get the groups, use str.extract.
  is_earn = text_blob.str.contains(RX_EARN, regex=True, na=False) if len(text_blob) else pd.Series(False, index=out.index)
/Users/seanazulay/Desktop/StockBots/LumoTrade/ml-backend/src/core/features/news_sentiment.py:193: UserWarning: This pattern is interpreted as a regular expression, and has match groups. To actually get the groups, use str.extract.
  is_macro = text_blob.str.contains(RX_MACRO, regex=True, na=False) if len(text_blob) else pd.Series(False, index=out.index)
/Users/seanazulay/Desktop/StockBots/LumoTrade/ml-backend/src/core/features/news_sentiment.py:194: UserWarning: This pattern is interpreted as a regular expression, and has match groups. To actually get the groups, use str.extract.
  is_earn = text_blob.str.contains(RX_EARN, regex=True, na=False) if len(text_blob) else pd.Series(False, index=out.index)
Fetching ^VIX data from 2024-11-25 to 2025-11-25...
Fetched 256 bars from FMP for ^VIX (daily)
Cached 256 records
Fetching ^VIX3M data from 2024-11-25 to 2025-11-25...
Fetched 250 bars from FMP for ^VIX3M (daily)
Cached 250 records
Fetching DX-Y.NYB data from 2024-11-25 to 2025-11-25...
Fetched 312 bars from FMP for DX-Y.NYB (daily)
Cached 312 records
Fetching GC=F data from 2024-11-25 to 2025-11-25...
Fetched 263 bars from FMP for GC=F (daily)
Cached 263 records
Fetching CL=F data from 2024-11-25 to 2025-11-25...
Fetched 264 bars from FMP for CL=F (daily)
Cached 264 records
Fetching ^TNX data from 2024-11-25 to 2025-11-25...
Fetched 250 bars from FMP for ^TNX (daily)
Cached 250 records
Fetching HYG data from 2024-11-25 to 2025-11-25...
Fetched 250 bars from FMP for HYG (daily)
Cached 250 records
Fetching LQD data from 2024-11-25 to 2025-11-25...
Fetched 250 bars from FMP for LQD (daily)
Cached 250 records
Fetching TLT data from 2024-11-25 to 2025-11-25...
Fetched 250 bars from FMP for TLT (daily)
Cached 250 records
Fetching XLB data from 2024-11-25 to 2025-11-25...
Fetched 250 bars from FMP for XLB (daily)
Cached 250 records
Fetching XLC data from 2024-11-25 to 2025-11-25...
Fetched 250 bars from FMP for XLC (daily)
Cached 250 records
Fetching XLE data from 2024-11-25 to 2025-11-25...
Fetched 250 bars from FMP for XLE (daily)
Cached 250 records
Fetching XLF data from 2024-11-25 to 2025-11-25...
Fetched 250 bars from FMP for XLF (daily)
Cached 250 records
Fetching XLI data from 2024-11-25 to 2025-11-25...
Fetched 250 bars from FMP for XLI (daily)
Cached 250 records
Fetching XLK data from 2024-11-25 to 2025-11-25...
Fetched 250 bars from FMP for XLK (daily)
Cached 250 records
Fetching XLP data from 2024-11-25 to 2025-11-25...
Fetched 250 bars from FMP for XLP (daily)
Cached 250 records
Fetching XLRE data from 2024-11-25 to 2025-11-25...
Fetched 250 bars from FMP for XLRE (daily)
Cached 250 records
Fetching XLU data from 2024-11-25 to 2025-11-25...
Fetched 250 bars from FMP for XLU (daily)
Cached 250 records
Fetching XLV data from 2024-11-25 to 2025-11-25...
Fetched 250 bars from FMP for XLV (daily)
Cached 250 records
Fetching XLY data from 2024-11-25 to 2025-11-25...
Fetched 250 bars from FMP for XLY (daily)
Cached 250 records
Fetching SPY data from 2024-11-25 to 2025-11-25...
Fetched 250 bars from FMP for SPY (daily)
Cached 250 records
INFO:     127.0.0.1:63213 - "POST /api/predict/ HTTP/1.1" 500 Internal Server Error
/Users/seanazulay/Desktop/StockBots/LumoTrade/ml-backend/src/core/features/news_sentiment.py:193: UserWarning: This pattern is interpreted as a regular expression, and has match groups. To actually get the groups, use str.extract.
  is_macro = text_blob.str.contains(RX_MACRO, regex=True, na=False) if len(text_blob) else pd.Series(False, index=out.index)
/Users/seanazulay/Desktop/StockBots/LumoTrade/ml-backend/src/core/features/news_sentiment.py:194: UserWarning: This pattern is interpreted as a regular expression, and has match groups. To actually get the groups, use str.extract.
  is_earn = text_blob.str.contains(RX_EARN, regex=True, na=False) if len(text_blob) else pd.Series(False, index=out.index)
/Users/seanazulay/Desktop/StockBots/LumoTrade/ml-backend/src/core/features/news_sentiment.py:193: UserWarning: This pattern is interpreted as a regular expression, and has match groups. To actually get the groups, use str.extract.
  is_macro = text_blob.str.contains(RX_MACRO, regex=True, na=False) if len(text_blob) else pd.Series(False, index=out.index)
/Users/seanazulay/Desktop/StockBots/LumoTrade/ml-backend/src/core/features/news_sentiment.py:194: UserWarning: This pattern is interpreted as a regular expression, and has match groups. To actually get the groups, use str.extract.
  is_earn = text_blob.str.contains(RX_EARN, regex=True, na=False) if len(text_blob) else pd.Series(False, index=out.index)
Loading SPY from cache...
INFO:     127.0.0.1:63271 - "POST /api/predict/ HTTP/1.1" 500 Internal Server Error
WARNING:  WatchFiles detected changes in 'app.py', 'src/core/models/quantile_regressor.py'. Reloading...
INFO:     Shutting down
INFO:     Waiting for application shutdown.
INFO:     Application shutdown complete.
INFO:     Finished server process [14851]

LumoTrade ML Backend shutting down...
INFO:     Started server process [16247]
INFO:     Waiting for application startup.
INFO:     Application startup complete.
WARNING:  WatchFiles detected changes in 'src/core/data/loaders.py'. Reloading...
INFO:     Shutting down
INFO:     Waiting for application shutdown.
INFO:     Application shutdown complete.
INFO:     Finished server process [16247]
✅ InstantDB connected for continuous learning
============================================================
LumoTrade ML Backend Starting...
============================================================
Version: 2.0.0
Environment: development
FMP API: ✓ Configured
FRED API: ✓ Configured
InstantDB: ✓ Configured
============================================================
API Documentation: http://localhost:8000/docs
============================================================

LumoTrade ML Backend shutting down...
INFO:     Started server process [17107]
INFO:     Waiting for application startup.
INFO:     Application startup complete.
WARNING:  WatchFiles detected changes in 'src/core/features/macro.py'. Reloading...
INFO:     Shutting down
INFO:     Waiting for application shutdown.
INFO:     Application shutdown complete.
INFO:     Finished server process [17107]
✅ InstantDB connected for continuous learning
============================================================
LumoTrade ML Backend Starting...
============================================================
Version: 2.0.0
Environment: development
FMP API: ✓ Configured
FRED API: ✓ Configured
InstantDB: ✓ Configured
============================================================
API Documentation: http://localhost:8000/docs
============================================================

LumoTrade ML Backend shutting down...
INFO:     Started server process [17370]
INFO:     Waiting for application startup.
INFO:     Application startup complete.
/Users/seanazulay/Desktop/StockBots/LumoTrade/ml-backend/src/core/features/news_sentiment.py:193: UserWarning: This pattern is interpreted as a regular expression, and has match groups. To actually get the groups, use str.extract.
  is_macro = text_blob.str.contains(RX_MACRO, regex=True, na=False) if len(text_blob) else pd.Series(False, index=out.index)
/Users/seanazulay/Desktop/StockBots/LumoTrade/ml-backend/src/core/features/news_sentiment.py:194: UserWarning: This pattern is interpreted as a regular expression, and has match groups. To actually get the groups, use str.extract.
  is_earn = text_blob.str.contains(RX_EARN, regex=True, na=False) if len(text_blob) else pd.Series(False, index=out.index)
/Users/seanazulay/Desktop/StockBots/LumoTrade/ml-backend/src/core/features/news_sentiment.py:193: UserWarning: This pattern is interpreted as a regular expression, and has match groups. To actually get the groups, use str.extract.
  is_macro = text_blob.str.contains(RX_MACRO, regex=True, na=False) if len(text_blob) else pd.Series(False, index=out.index)
/Users/seanazulay/Desktop/StockBots/LumoTrade/ml-backend/src/core/features/news_sentiment.py:194: UserWarning: This pattern is interpreted as a regular expression, and has match groups. To actually get the groups, use str.extract.
  is_earn = text_blob.str.contains(RX_EARN, regex=True, na=False) if len(text_blob) else pd.Series(False, index=out.index)
✅ InstantDB connected for continuous learning
============================================================
LumoTrade ML Backend Starting...
============================================================
Version: 2.0.0
Environment: development
FMP API: ✓ Configured
FRED API: ✓ Configured
InstantDB: ✓ Configured
============================================================
API Documentation: http://localhost:8000/docs
============================================================
Loading ^VIX from cache...
Loading ^VIX3M from cache...
Loading DX-Y.NYB from cache...
Loading GC=F from cache...
Loading CL=F from cache...
Loading ^TNX from cache...
Loading HYG from cache...
Loading LQD from cache...
Loading TLT from cache...
Loading SPY from cache...
INFO:     127.0.0.1:63381 - "POST /api/predict/ HTTP/1.1" 500 Internal Server Error
INFO:     127.0.0.1:63533 - "GET /api/health HTTP/1.1" 404 Not Found
/Users/seanazulay/Desktop/StockBots/LumoTrade/ml-backend/src/core/features/news_sentiment.py:193: UserWarning: This pattern is interpreted as a regular expression, and has match groups. To actually get the groups, use str.extract.
  is_macro = text_blob.str.contains(RX_MACRO, regex=True, na=False) if len(text_blob) else pd.Series(False, index=out.index)
/Users/seanazulay/Desktop/StockBots/LumoTrade/ml-backend/src/core/features/news_sentiment.py:194: UserWarning: This pattern is interpreted as a regular expression, and has match groups. To actually get the groups, use str.extract.
  is_earn = text_blob.str.contains(RX_EARN, regex=True, na=False) if len(text_blob) else pd.Series(False, index=out.index)
/Users/seanazulay/Desktop/StockBots/LumoTrade/ml-backend/src/core/features/news_sentiment.py:193: UserWarning: This pattern is interpreted as a regular expression, and has match groups. To actually get the groups, use str.extract.
  is_macro = text_blob.str.contains(RX_MACRO, regex=True, na=False) if len(text_blob) else pd.Series(False, index=out.index)
/Users/seanazulay/Desktop/StockBots/LumoTrade/ml-backend/src/core/features/news_sentiment.py:194: UserWarning: This pattern is interpreted as a regular expression, and has match groups. To actually get the groups, use str.extract.
  is_earn = text_blob.str.contains(RX_EARN, regex=True, na=False) if len(text_blob) else pd.Series(False, index=out.index)
Loading SPY from cache...
INFO:     127.0.0.1:63535 - "POST /api/predict/ HTTP/1.1" 500 Internal Server Error
INFO:     127.0.0.1:63559 - "GET /api/health HTTP/1.1" 404 Not Found
/Users/seanazulay/Desktop/StockBots/LumoTrade/ml-backend/src/core/features/news_sentiment.py:193: UserWarning: This pattern is interpreted as a regular expression, and has match groups. To actually get the groups, use str.extract.
  is_macro = text_blob.str.contains(RX_MACRO, regex=True, na=False) if len(text_blob) else pd.Series(False, index=out.index)
/Users/seanazulay/Desktop/StockBots/LumoTrade/ml-backend/src/core/features/news_sentiment.py:194: UserWarning: This pattern is interpreted as a regular expression, and has match groups. To actually get the groups, use str.extract.
  is_earn = text_blob.str.contains(RX_EARN, regex=True, na=False) if len(text_blob) else pd.Series(False, index=out.index)
/Users/seanazulay/Desktop/StockBots/LumoTrade/ml-backend/src/core/features/news_sentiment.py:193: UserWarning: This pattern is interpreted as a regular expression, and has match groups. To actually get the groups, use str.extract.
  is_macro = text_blob.str.contains(RX_MACRO, regex=True, na=False) if len(text_blob) else pd.Series(False, index=out.index)
/Users/seanazulay/Desktop/StockBots/LumoTrade/ml-backend/src/core/features/news_sentiment.py:194: UserWarning: This pattern is interpreted as a regular expression, and has match groups. To actually get the groups, use str.extract.
  is_earn = text_blob.str.contains(RX_EARN, regex=True, na=False) if len(text_blob) else pd.Series(False, index=out.index)
Loading SPY from cache...
INFO:     127.0.0.1:63594 - "POST /api/predict/ HTTP/1.1" 500 Internal Server Error
